// Jest Snapshot v1, https://goo.gl/fbAQLP

exports[`renders correctly 1`] = `
<View
  collapsable={true}
  pointerEvents="box-none"
  style={
    Object {
      "flex": 1,
    }
  }
>
  <View
    style={
      Array [
        Object {
          "height": 44,
        },
        Object {
          "backgroundColor": "#0161F2",
        },
      ]
    }
  />
  <MenuProvider>
    <Entry />
  </MenuProvider>
</View>
`;
