// Jest Snapshot v1, https://goo.gl/fbAQLP

exports[`renders correctly 1`] = `
<View
  collapsable={true}
  pointerEvents="box-none"
  style={
    Object {
      "flex": 1,
    }
  }
>
  <RCTSafeAreaView
    emulateUnlessSupported={true}
    style={
      Object {
        "backgroundColor": "#4051DB",
        "flexBasis": 0,
        "flexGrow": 0,
        "flexShrink": 1,
      }
    }
  />
  <RCTSafeAreaView
    emulateUnlessSupported={true}
    style={
      Object {
        "backgroundColor": "#F7F8FF",
        "flexBasis": 0,
        "flexGrow": 1,
        "flexShrink": 1,
      }
    }
  >
    <View
      style={
        Object {
          "alignItems": "center",
          "backgroundColor": "#4051DB",
          "borderBottomColor": "#5061E6",
          "borderBottomWidth": 1,
          "flexDirection": "row",
        }
      }
    >
      <View
        accessible={true}
        focusable={true}
        isTVSelectable={true}
        style={
          Object {
            "alignItems": "center",
            "height": 55,
            "justifyContent": "center",
            "opacity": 1,
            "width": 60,
            "zIndex": 1,
          }
        }
      >
        <SvgXml
          style={
            Object {
              "color": "#FFF",
              "height": 18,
              "opacity": 0.4,
              "width": 18,
            }
          }
          xml="
  <svg width=\\"23\\" height=\\"24\\" viewBox=\\"0 0 23 24\\" fill=\\"none\\" xmlns=\\"http://www.w3.org/2000/svg\\">
    <path d=\\"M11.4854 3L2.22803 12.2573L11.4854 21.5146\\" stroke=\\"currentColor\\" stroke-opacity=\\"0.4\\" stroke-width=\\"3\\" stroke-linecap=\\"round\\" stroke-linejoin=\\"round\\" />
  </svg>
"
        />
      </View>
      <Text
        style={
          Object {
            "alignSelf": "center",
            "color": "#FFF",
            "fontFamily": "IBMPlexSans-Medium",
            "fontSize": 26,
            "letterSpacing": -0.3,
            "lineHeight": 34,
            "paddingHorizontal": 20,
            "position": "absolute",
            "textAlign": "center",
            "width": "100%",
          }
        }
      >
        Legal
      </Text>
    </View>
    <RCTScrollView
      contentContainerStyle={
        Object {
          "backgroundColor": "#F7F8FF",
          "flex": 1,
          "flexDirection": "column",
          "paddingHorizontal": 26,
          "width": "100%",
        }
      }
    >
      <View>
        <View
          style={
            Object {
              "flex": 4,
            }
          }
        >
          <View
            style={
              Array [
                Object {
                  "flex": 1,
                  "overflow": "hidden",
                },
                undefined,
              ]
            }
          >
            <RNCWebView
              cacheEnabled={true}
              javaScriptEnabled={true}
              messagingEnabled={false}
              source={
                Object {
                  "html": "<html><style>  html, body { font-size: 40px; margin: 0; padding: 0; } </style><body><H2>Políticas de privacidad del portal del ciudadano</H2><P>El Portal de Servicios Públicos en Línea (PSPL) como Identidad Única Ciudadana (IUC), son propiedad de la Oficina Presidencial de Tecnologías de la Información y Comunicación (OPTIC).<br/><br/>Los términos y condiciones de uso tanto del Portal de Servicios Públicos en Línea como de Identidad Única del Ciudadana, regulan tanto el uso que Usted puede dar a ambas herramientas. Por el solo hecho de crear una cuenta y aceptar estos términos y condiciones usted acepta someterse a los mismos y asume la responsabilidad por el uso que usted les dé. Es responsabilidad de parte de Usted revisar y cumplir estos términos y condiciones de uso periódicamente.<br/><br/>Estos Términos y Condiciones podrán ser modificados en cualquier momento, teniendo en cuenta que la Oficina Presidencial de Tecnologías de la Información y Comunicación (OPTIC), notificará a todos los Ciudadanos registrados si existiese una modificación.<br/><br/>Tanto el Portal de Servicios Públicos en Línea como Identidad Única Ciudadana, son herramientas de uso libre y gratuito para todo Ciudadano Dominicano. En caso de ser Usted menor de edad, el sistema no le permitirá por el momento su registro. El Ciudadano al crear una cuenta en Identidad Única Ciudadana (IUC), podrá acceder a todos los servicios publicados en el Portal de Servicios Públicos en Línea del Gobierno Dominicano y podrá consumirlos, así como aquellos servicios que no estén publicados directamente en este portal, pero que tengan el logo de Identidad Única Ciudadana.<hr/></body></html>",
                }
              }
              style={
                Array [
                  Object {
                    "flex": 1,
                    "overflow": "hidden",
                  },
                  Object {
                    "backgroundColor": "#ffffff",
                  },
                  Object {
                    "backgroundColor": "#F7F8FF",
                    "marginTop": 15,
                  },
                ]
              }
              useSharedProcessPool={true}
            />
          </View>
        </View>
      </View>
    </RCTScrollView>
    <View
      accessible={true}
      focusable={true}
      isTVSelectable={true}
      style={
        Object {
          "backgroundColor": "#BEBEBE",
          "flexDirection": "row",
          "justifyContent": "space-between",
          "opacity": 1,
          "padding": 15,
        }
      }
    >
      <Text
        style={
          Object {
            "color": "#FFF",
            "fontFamily": "IBMPlexSans-Bold",
            "fontSize": 26,
            "fontWeight": "bold",
            "lineHeight": 34,
            "writingDirection": "ltr",
          }
        }
        use="headline2"
      >
        Terms of use
      </Text>
      <View
        style={
          Object {
            "alignSelf": "center",
            "paddingLeft": 20,
            "paddingRight": 20,
          }
        }
      >
        <Image
          source={
            Object {
              "testUri": "../../../app/assets/images/foreArrow.png",
            }
          }
        />
      </View>
    </View>
  </RCTSafeAreaView>
</View>
`;
